// Jest Snapshot v1, https://goo.gl/fbAQLP

exports[`Testing About Check snapshot for about 1`] = `ReactWrapper {}`;
